============================= test session starts ==============================
platform linux -- Python 3.12.3, pytest-8.4.1, pluggy-1.6.0 -- /usr/bin/python3
cachedir: .pytest_cache
rootdir: /home/dezocode/mcp-system
configfile: pyproject.toml
testpaths: tests
plugins: asyncio-1.1.0, anyio-4.10.0
asyncio: mode=Mode.AUTO, asyncio_default_fixture_loop_scope=None, asyncio_default_test_loop_scope=function
collecting ... collected 47 items

tests/test_environment_detection.py::TestEnvironmentDetection::test_complete_integration PASSED [  2%]
tests/test_environment_detection.py::TestEnvironmentDetection::test_config_validation PASSED [  4%]
tests/test_environment_detection.py::TestEnvironmentDetection::test_configuration_management PASSED [  6%]
tests/test_environment_detection.py::TestEnvironmentDetection::test_docker_detection_methods PASSED [  8%]
tests/test_environment_detection.py::TestEnvironmentDetection::test_environment_detection PASSED [ 10%]
tests/test_environment_detection.py::TestEnvironmentDetection::test_environment_export PASSED [ 12%]
tests/test_environment_detection.py::TestEnvironmentDetection::test_environment_summary PASSED [ 14%]
tests/test_environment_detection.py::TestEnvironmentDetection::test_kubernetes_detection PASSED [ 17%]
tests/test_environment_detection.py::TestEnvironmentDetection::test_platform_adaptation PASSED [ 19%]
tests/test_environment_detection.py::TestEnvironmentDetection::test_profile_export PASSED [ 21%]
tests/test_environment_detection.py::TestEnvironmentDetection::test_runtime_profiling PASSED [ 23%]
tests/test_environment_detection.py::TestMCPServerIntegration::test_environment_detection_tool_functionality PASSED [ 25%]
tests/test_environment_detection.py::TestMCPServerIntegration::test_mcp_server_environment_integration PASSED [ 27%]
tests/test_installer.py::TestMCPInstaller::test_auto_discovery PASSED    [ 29%]
tests/test_installer.py::TestMCPInstaller::test_claude_config_merging PASSED [ 31%]
tests/test_installer.py::TestMCPInstaller::test_directory_creation PASSED [ 34%]
tests/test_installer.py::TestMCPInstaller::test_full_installation PASSED [ 36%]
tests/test_installer.py::TestMCPInstaller::test_installer_prerequisites PASSED [ 38%]
tests/test_installer.py::TestMCPInstaller::test_template_creation PASSED [ 40%]
tests/test_installer.py::TestMCPInstaller::test_upgrade_system PASSED    [ 42%]
tests/test_massive_pipeline_improvements.py::TestMassivePipelineImprovements::test_real_time_monitoring_system PASSED [ 44%]
tests/test_massive_pipeline_improvements.py::TestMassivePipelineImprovements::test_parallel_processing_engine PASSED [ 46%]
tests/test_massive_pipeline_improvements.py::TestMassivePipelineImprovements::test_performance_summary PASSED [ 48%]
tests/test_massive_pipeline_improvements.py::TestMassivePipelineImprovements::test_claude_agent_protocol_integration PASSED [ 51%]
tests/test_massive_pipeline_improvements.py::TestMassivePipelineImprovements::test_enhanced_tool_list PASSED [ 53%]
tests/test_massive_pipeline_improvements.py::TestMassivePipelineImprovements::test_enhanced_session_management PASSED [ 55%]
tests/test_massive_pipeline_improvements.py::TestMassivePipelineImprovements::test_metrics_collection_system PASSED [ 57%]
tests/test_massive_pipeline_improvements.py::TestMassivePipelineImprovements::test_monitoring_alerts PASSED [ 59%]
tests/test_massive_pipeline_improvements.py::TestMassivePipelineImprovements::test_performance_improvement_tracking PASSED [ 61%]
tests/test_massive_pipeline_improvements.py::TestMassivePipelineImprovements::test_session_persistence PASSED [ 63%]
tests/test_massive_pipeline_improvements.py::TestMassivePipelineImprovements::test_environment_detection_tool PASSED [ 65%]
tests/test_massive_pipeline_improvements.py::TestMassivePipelineImprovements::test_health_monitoring_tool PASSED [ 68%]
tests/test_massive_pipeline_improvements.py::TestMassivePipelineImprovements::test_massive_improvements_integration PASSED [ 70%]
tests/test_mcp_tools_watchdog.py::TestMCPToolsWatchdog::test_standardizer_initialization PASSED [ 72%]
tests/test_mcp_tools_watchdog.py::TestMCPToolsWatchdog::test_server_validation PASSED [ 74%]
tests/test_mcp_tools_watchdog.py::TestMCPToolsWatchdog::test_incomplete_server_validation PASSED [ 76%]
tests/test_mcp_tools_watchdog.py::TestMCPToolsWatchdog::test_server_template_creation PASSED [ 78%]
tests/test_mcp_tools_watchdog.py::TestMCPToolsWatchdog::test_validator_initialization PASSED [ 80%]
tests/test_mcp_tools_watchdog.py::TestMCPToolsWatchdog::test_validator_with_servers PASSED [ 82%]
tests/test_mcp_tools_watchdog.py::TestMCPToolsWatchdog::test_path_migrator_legacy_detection PASSED [ 85%]
tests/test_mcp_tools_watchdog.py::TestMCPToolsWatchdog::test_get_server_directories PASSED [ 87%]
tests/test_mcp_tools_watchdog.py::test_integration_example PASSED        [ 89%]
tests/test_pipeline_integration.py::TestPipelineIntegration::test_github_workflow_syntax PASSED [ 91%]
tests/test_pipeline_integration.py::TestPipelineIntegration::test_mcp_compliance_check SKIPPED [ 93%]
tests/test_pipeline_integration.py::TestPipelineIntegration::test_pipeline_mcp_server SKIPPED [ 95%]
tests/test_pipeline_integration.py::TestPipelineIntegration::test_quality_patcher_json_output FAILED [ 97%]
tests/test_pipeline_integration.py::TestPipelineIntegration::test_version_keeper_json_output FAILED [100%]

=================================== FAILURES ===================================
___________ TestPipelineIntegration.test_quality_patcher_json_output ___________
tests/test_pipeline_integration.py:152: in test_quality_patcher_json_output
    self.test_version_keeper_json_output()
tests/test_pipeline_integration.py:103: in test_version_keeper_json_output
    self.assertEqual(result.returncode, 0, f"Script failed: {result.stderr}")
E   AssertionError: 1 != 0 : Script failed: Traceback (most recent call last):
E     File "/tmp/tmp4h0lb3na/scripts/simple_version_keeper.py", line 1, in <module>
E       from utils.functions import main
E   ModuleNotFoundError: No module named 'utils'
----------------------------- Captured stdout call -----------------------------

🧪 Test 2: Quality Patcher JSON Output

🧪 Test 1: Version Keeper JSON Output
___________ TestPipelineIntegration.test_version_keeper_json_output ____________
tests/test_pipeline_integration.py:103: in test_version_keeper_json_output
    self.assertEqual(result.returncode, 0, f"Script failed: {result.stderr}")
E   AssertionError: 1 != 0 : Script failed: Traceback (most recent call last):
E     File "/tmp/tmpl9vv53dz/scripts/simple_version_keeper.py", line 1, in <module>
E       from utils.functions import main
E   ModuleNotFoundError: No module named 'utils'
----------------------------- Captured stdout call -----------------------------

🧪 Test 1: Version Keeper JSON Output
=========================== short test summary info ============================
FAILED tests/test_pipeline_integration.py::TestPipelineIntegration::test_quality_patcher_json_output - AssertionError: 1 != 0 : Script failed: Traceback (most recent call last):
  File "/tmp/tmp4h0lb3na/scripts/simple_version_keeper.py", line 1, in <module>
    from utils.functions import main
ModuleNotFoundError: No module named 'utils'
FAILED tests/test_pipeline_integration.py::TestPipelineIntegration::test_version_keeper_json_output - AssertionError: 1 != 0 : Script failed: Traceback (most recent call last):
  File "/tmp/tmpl9vv53dz/scripts/simple_version_keeper.py", line 1, in <module>
    from utils.functions import main
ModuleNotFoundError: No module named 'utils'
=================== 2 failed, 43 passed, 2 skipped in 2.65s ====================
